2026-07-24 00:18:37,704 - root - INFO - Comenzado Monitoreo en [Downloads] ----
2026-07-24 00:18:52,355 - root - DEBUG - Detección de archivo nuevo [Downloads/archivo.json]
2026-07-24 00:19:40,799 - root - INFO - Monitoreo Detenido ----
2026-07-24 00:19:42,539 - root - INFO - Comenzado Monitoreo en [Downloads] ----
2026-07-24 00:20:05,346 - root - DEBUG - Detección de archivo nuevo [Downloads/archivo.png]
2026-07-24 00:21:06,291 - root - INFO - Monitoreo Detenido ----
2026-07-24 00:21:17,946 - root - INFO - Comenzado Monitoreo en [Downloads] ----
2026-07-24 00:21:24,517 - root - DEBUG - Detección de archivo nuevo [Downloads/archivo.json]
2026-07-24 00:21:24,518 - root - INFO - Archivo [archivo.json] movido de [Downloads/archivo.json] a [Documents/archivo.json]
2026-07-24 00:22:25,259 - root - INFO - Monitoreo Detenido ----
2026-07-24 00:24:29,310 - root - INFO - Comenzado Monitoreo en [Downloads] ----
2026-07-24 00:24:38,089 - root - DEBUG - Detección de archivo nuevo [Downloads/archivo.json]
2026-07-24 00:24:38,089 - root - INFO - Archivo [archivo.json] movido de [Downloads/archivo.json] a [Documents/prueba-automatizacion/archivo.json]
2026-07-24 00:25:07,897 - root - DEBUG - Detección de archivo nuevo [Downloads/archivo.json]
2026-07-24 00:25:07,898 - root - WARNING - Archivo [archivo.json] con mismo nombre en [Documents/prueba-automatizacion]
2026-07-24 00:25:07,900 - root - INFO - Archivo [archivo.json] movido y renombrado con [Downloads/archivo.json] a [Documents/prueba-automatizacion/archivo_copia_1.json] como nuevo nombre
2026-07-24 00:26:21,843 - root - DEBUG - Detección de archivo nuevo [Downloads/archivo.py]
2026-07-24 00:26:21,844 - root - INFO - Archivo [archivo.py] movido de [Downloads/archivo.py] a [Documents/prueba-automatizacion/archivo.py]
2026-07-24 00:27:13,008 - root - DEBUG - Detección de archivo nuevo [Downloads/archivo.py]
2026-07-24 00:27:13,009 - root - WARNING - Archivo [archivo.py] con mismo nombre en [Documents/prueba-automatizacion]
2026-07-24 00:27:13,010 - root - INFO - Archivo [archivo.py] movido y renombrado con [Downloads/archivo.py] a [Documents/prueba-automatizacion/archivo_copia_1.py] como nuevo nombre
2026-07-24 00:27:57,030 - root - DEBUG - Detección de archivo nuevo [Downloads/archivo.py]
2026-07-24 00:27:57,030 - root - WARNING - Archivo [archivo.py] con mismo nombre en [Documents/prueba-automatizacion]
2026-07-24 00:27:57,032 - root - INFO - Archivo [archivo.py] movido y renombrado con [Downloads/archivo.py] a [Documents/prueba-automatizacion/archivo_copia_2.py] como nuevo nombre
